// Jest Snapshot v1, https://goo.gl/fbAQLP

exports[`Test <Search /> component should be have a length 3 when search "good first issue" label in the input 1`] = `ReactWrapper {}`;

exports[`Test <Search /> component should be have a length 5 when search "react" label in the input 1`] = `ReactWrapper {}`;

exports[`Test <Search /> component should be regenerate html when pass new props 1`] = `ReactWrapper {}`;

exports[`Test <Search /> component should be render 1`] = `ReactWrapper {}`;
